[biometric2017.org/index.html]
[backblue.gif]
[fade.gif]
[index.html]
[cdn.datatables.net/1.10.16/css/jquery.dataTables.min1845.css]
[biometric2017.org/feed/index.html]
[biometric2017.org/comments/feed/index.html]
[cdn.datatables.net/buttons/1.4.2/css/buttons.dataTables.min1845.css]
[cdn.datatables.net/select/1.2.3/css/select.dataTables.min1845.css]
[cdn.datatables.net/fixedheader/3.1.3/css/fixedHeader.dataTables.min1845.css]
[cdn.datatables.net/fixedcolumns/3.2.3/css/fixedColumns.dataTables.min1845.css]
[cdn.datatables.net/responsive/2.2.0/css/responsive.dataTables.min1845.css]
[biometric2017.org/wp-content/uploads/2017/02/cropped-cropped-Mantra-on-Salt-Beach-2-2400x762.jpg]
[biometric2017.org/wp-includes/js/jquery/jqueryb8ff.js]
[biometric2017.org/wp-includes/js/jquery/jquery-migrate.min330a.js]
[biometric2017.org/wp-content/plugins/dk-new-medias-image-rotator-widget/js/dkirw1845.js]
[cdn.datatables.net/buttons/1.4.2/js/dataTables.buttons.min1845.js]
[cdn.datatables.net/buttons/1.4.2/js/buttons.colVis.min1845.js]
[cdn.datatables.net/buttons/1.4.2/js/buttons.print.min1845.js]
[cdn.datatables.net/1.10.16/js/jquery.dataTables.min1845.js]
[cdnjs.cloudflare.com/ajax/libs/jszip/3.1.3/jszip.min1845.js]
[cdn.datatables.net/buttons/1.4.2/js/buttons.html5.min1845.js]
[cdn.datatables.net/select/1.2.3/js/dataTables.select.min1845.js]
[cdn.datatables.net/fixedheader/3.1.3/js/dataTables.fixedHeader.min1845.js]
[cdn.datatables.net/fixedcolumns/3.2.3/js/dataTables.fixedColumns.min1845.js]
[cdn.datatables.net/responsive/2.2.0/js/dataTables.responsive.min1845.js]
[biometric2017.org/wp-content/plugins/inline-google-spreadsheet-viewer/igsv-datatables1845.js]
[biometric2017.org/wp-content/plugins/inline-google-spreadsheet-viewer/igsv-gvizcharts1845.js]
[biometric2017.org/wp-content/plugins/simple-staff-list/public/js/simple-staff-list-public7406.js]
[biometric2017.org/xmlrpc0db0.php]
[biometric2017.org/wp-json/index.html]
[biometric2017.org/wp-json/oembed/1.0/embed1f95.json]
[biometric2017.org/wp-json/oembed/1.0/embed8b76]
[biometric2017.org/wp-content/uploads/2017/02/Mantra-Resort-Swimming-Pool.jpg]
[biometric2017.org/wp-content/uploads/2017/02/IBS-logo.png]
[biometric2017.org/wp-content/plugins/beaver-builder-lite-version/js/jquery.imagesloaded0b88.js]
[biometric2017.org/wp-content/plugins/wp-expand-tabs-free/js/jquery.pwstabs-1.1.3.min68b3.js]
[biometric2017.org/keynotespeakers/index.html]
[biometric2017.org/wp-content/themes/primer/assets/js/navigation.minaff7.js]
[biometric2017.org/registration/index.html]
[biometric2017.org/wp-content/themes/primer/assets/js/skip-link-focus-fix.minaff7.js]
[biometric2017.org/index.html]
[biometric2017.org/scientificprogramme/index.html]
[biometric2017.org/program-outline/index.html]
[biometric2017.org/xmlrpc.php]
[biometric2017.org/important-dates/index.html]
[biometric2017.org/wp-content/plugins/dk-new-medias-image-rotator-widget/images/loading.gif]
[biometric2017.org/wp-content/plugins/dk-new-medias-image-rotator-widget/css/dkirw1845.css]
[biometric2017.org/shortcourses/index.html]
[biometric2017.org/socialprogramme/index.html]
[biometric2017.org/travel/index.html]
[biometric2017.org/accommodation/index.html]
[biometric2017.org/awards/index.html]
[biometric2017.org/organisers/index.html]
[biometric2017.org/sponsors/index.html]
[cdn.datatables.net/1.10.16/images/sort_both.png]
[cdn.datatables.net/1.10.16/images/sort_asc.png]
[cdn.datatables.net/1.10.16/images/sort_desc.png]
[cdn.datatables.net/1.10.16/images/sort_asc_disabled.png]
[cdn.datatables.net/1.10.16/images/sort_desc_disabled.png]
[cdn.datatables.net/1.10.16/css/jquery.dataTables.min1845.css]
[cdn.datatables.net/buttons/1.4.2/css/buttons.dataTables.min1845.css]
[cdn.datatables.net/select/1.2.3/css/select.dataTables.min1845.css]
[cdn.datatables.net/fixedheader/3.1.3/css/fixedHeader.dataTables.min1845.css]
[cdn.datatables.net/fixedcolumns/3.2.3/css/fixedColumns.dataTables.min1845.css]
[cdn.datatables.net/responsive/2.2.0/css/responsive.dataTables.min1845.css]
[biometric2017.org/wp-content/plugins/mp-timetable/media/css/style6176.css]
[biometric2017.org/wp-content/plugins/simple-staff-list/public/css/simple-staff-list-public7406.css]
[biometric2017.org/wp-content/plugins/wp-expand-tabs-free/css/jquery.pwstabs1845.css]
[biometric2017.org/wp-content/themes/primer/assets/images/search-icon.2f.delayed]
[biometric2017.org/wp-content/themes/primer/assets/genericons/Genericons.eot]
[biometric2017.org/wp-content/themes/primer/style1845.css]
[biometric2017.org/wp-content/plugins/tablepress/css/tablepress.eot]
[biometric2017.org/wp-content/tablepress-combined.min77ae.css]
[biometric2017.org/wp-json/oembed/1.0/embedfb89.json]
[biometric2017.org/wp-json/oembed/1.0/embed78db]
[biometric2017.org/wp-content/uploads/2017/03/Foto_EC_2.jpg]
[biometric2017.org/wp-content/uploads/2017/03/foto_DiCook_2.jpg]
[biometric2017.org/wp-content/uploads/2017/03/Fotot_SonjaGjpg_2-e1488946280284.jpg]
[biometric2017.org/wp-content/uploads/2017/03/Foto_Louise-M-Ryan_2.jpg]
[biometric2017.org/wp-content/uploads/2017/03/Foto_JeanYang_2.jpg]
[biometric2017.org/wp-content/uploads/2017/03/Foto_RachelF-e1488946164130.jpg]
[biometric2017.org/wp-content/uploads/2017/06/thompson.jpg]
[biometric2017.org/keynotespeakers/index.html]
[biometric2017.org/wp-json/oembed/1.0/embed6331.json]
[biometric2017.org/wp-json/oembed/1.0/embedf5ff]
[biometric2017.org/wp-content/uploads/2017/07/BbB2017_Registration-form_FINALV2editable.pdf]
[biometric2017.org/registration/index.html]
[biometric2017.org/wp-json/oembed/1.0/embedf988.json]
[biometric2017.org/wp-json/oembed/1.0/embed9ab5]
[biometric2017.org/wp-content/uploads/2017/11/Biometrics-By-The-Border-International-Biometrics-Society-Australas.pdf]
[cdnjs.cloudflare.com/ajax/libs/pdfmake/0.1.32/pdfmake.min1845.js]
[biometric2017.org/wp-content/uploads/2017/11/Biometrics-By-The-Border-International-Biometrics-Society-Australas.docx]
[cdnjs.cloudflare.com/ajax/libs/pdfmake/0.1.32/vfs_fonts1845.js]
[biometric2017.org/timetable/event/conference-welcome/index.html]
[biometric2017.org/wp-includes/js/underscore.min4511.js]
[biometric2017.org/timetable/event/agriculture-and-agri-environmental-statistics-with-support-of-geospatial-information-methodological-issues/index.html]
[biometric2017.org/wp-content/plugins/mp-timetable/media/js/mptt-functions.min6176.js]
[biometric2017.org/timetable/event/developing-a-regulatory-definition-for-the-authentication-of-manuka-honey/index.html]
[biometric2017.org/wp-content/plugins/mp-timetable/media/js/events/event.min6176.js]
[biometric2017.org/timetable/event/on-testing-random-effects-in-linear-mixed-models/index.html]
[biometric2017.org/scientificprogramme/index.html]
[biometric2017.org/timetable/event/analysing-digestion-data/index.html]
[biometric2017.org/timetable/event/a-permutation-test-for-comparing-predictive-values-in-clinical-trials/index.html]
[biometric2017.org/timetable/event/robust-semiparametric-inference-in-random-effects-models/index.html]
[biometric2017.org/timetable/event/challenges-and-opportunities-working-as-a-consulting-statistician-with-a-food-science-research-group/index.html]
[biometric2017.org/wp-json/oembed/1.0/embedef1d.json]
[biometric2017.org/timetable/event/robust-penalized-logistic-regression-through-maximum-trimmed-likelihood-estimator/index.html]
[biometric2017.org/timetable/event/topic-tba/index.html]
[biometric2017.org/wp-json/oembed/1.0/embed6142]
[biometric2017.org/program-outline/index.html]
[biometric2017.org/timetable/event/how-to-analyse-five-data-points-with-fun/index.html]
[biometric2017.org/timetable/event/an-approach-to-poisson-mixed-models-for-omics-expression-data/index.html]
[biometric2017.org/timetable/event/bayesian-spatial-estimation-when-areas-are-few/index.html]
[biometric2017.org/timetable/event/knowledge-guided-generalized-biclustering-analysis-for-integrative-omics-analysis/index.html]
[biometric2017.org/wp-json/oembed/1.0/embed32da.json]
[biometric2017.org/timetable/event/understanding-the-variation-in-harvester-yield-map-data-for-estimating-crop-traits/index.html]
[biometric2017.org/timetable/event/citizen-science-to-surveillance-estimating-reporting-probabilities-of-exotic-insect-pests/index.html]
[biometric2017.org/timetable/event/introduction-to-deltagen-a-comprehensive-decision-support-tool-for-plant-breeders-using-r-and-shiny/index.html]
[biometric2017.org/timetable/event/estimating-nitrous-oxide-emission-factors/index.html]
[biometric2017.org/timetable/event/invited-session-3/index.html]
[biometric2017.org/wp-json/oembed/1.0/embed6c30]
[biometric2017.org/important-dates/index.html]
[biometric2017.org/timetable/event/visualising-model-selection-stability-in-high-dimensional-regression-models/index.html]
[biometric2017.org/timetable/event/propensity-score-approaches-in-the-presence-of-missing-data-comparison-of-balance-and-treatment-effect-estimates/index.html]
[biometric2017.org/timetable/event/the-missing-link-an-equivalence-result-for-likelihood-based-methods-in-missing-data-problems/index.html]
[biometric2017.org/wp-json/oembed/1.0/embeddc52.json]
[biometric2017.org/timetable/event/dimensionality-reduction-of-libs-data-for-bayesian-analysis/index.html]
[biometric2017.org/timetable/event/forecasting-hotspots-of-potentially-preventable/index.html]
[biometric2017.org/timetable/event/analysis-of-melanoma-data-with-a-mixture-of-survival-models-utilising-multi-class-dlda-to-inform-mixture-class/index.html]
[biometric2017.org/timetable/event/identifying-clusters-of-patients-with-diabetes-using-a-markov-birth-death-process/index.html]
[biometric2017.org/timetable/event/challenges-analysing-combined-agricultural-field-trials-with-partially-overlapping-treatments/index.html]
[biometric2017.org/wp-json/oembed/1.0/embed9161]
[biometric2017.org/timetable/event/a-hidden-markov-model-for-sleep-stage-detection-using-raw-tri-axial-wrist-actigraphy/index.html]
[biometric2017.org/shortcourses/index.html]
[biometric2017.org/timetable/event/sparse-phenotyping-designs-for-early-stage-selection-experiments-in-plant-breeding-programs/index.html]
[biometric2017.org/timetable/event/comparisons-of-two-large-long-term-studies-in-alzheimers-disease/index.html]
[biometric2017.org/timetable/event/a-one-stage-mixed-model-analysis-of-canola-chemistry-trials/index.html]
[biometric2017.org/timetable/event/a-semi-parametric-linear-mixed-models-for-longitudinally-measured-fasting-blood-sugar-level-of-adult-diabetic-patients/index.html]
[biometric2017.org/timetable/event/individual-and-joint-analyses-of-sugarcane-experiments-to-select-test-lines/index.html]
[biometric2017.org/wp-json/oembed/1.0/embedd7fb.json]
[biometric2017.org/timetable/event/invited-session-4/index.html]
[biometric2017.org/timetable/event/estimating-overdispersion-in-sparse-multinomial-data/index.html]
[biometric2017.org/timetable/event/assessing-mud-crab-meat-fullness-using-non-invasive-technologies/index.html]
[biometric2017.org/timetable/event/analysis-of-multivariate-binary-longitudinal-data-metabolic-syndrome-during-menopausal-transition/index.html]
[biometric2017.org/wp-json/oembed/1.0/embed5862]
[biometric2017.org/timetable/event/statistical-analysis-of-coastal-and-oceanographic-influences-on-the-queensland-scallop-fishery/index.html]
[biometric2017.org/timetable/event/saved-by-the-experimental-design-testing-bycatch-reduction-and-turtle-exclusion-devices-in-the-png-prawn-trawl-fishery/index.html]
[biometric2017.org/timetable/event/rethinking-biosecurity-inspections-a-case-study-of-the-asian-gypsy-moth-agm-in-australia/index.html]
[biometric2017.org/wp-content/uploads/2017/02/Cabarita-lake-at-sunset.bmp]
[biometric2017.org/wp-content/uploads/2017/02/And-its-that-easy.bmp]
[biometric2017.org/timetable/event/subtractive-stability-measures-for-improved-variable-selection/index.html]
[biometric2017.org/wp-content/uploads/2017/02/045132_5.jpg]
[biometric2017.org/timetable/event/gxe-for-genomic-prediction-models/index.html]
[biometric2017.org/timetable/event/a-comparison-of-multiple-imputation-methods-for-missing-data-in-longitudinal-studies/index.html]
[biometric2017.org/wp-content/uploads/2017/02/Byron-Bay_2.bmp]
[biometric2017.org/timetable/event/species-distribution-modelling-for-combined-data-sources/index.html]
[biometric2017.org/wp-content/uploads/2017/02/Maviss-Kitchen-HERO-SHOT-1200x800.jpg]
[biometric2017.org/socialprogramme/index.html]
[biometric2017.org/timetable/event/a-factor-analytic-mixed-model-approach-for-the-analysis-of-genotype-by-treatment-by-environment-data/index.html]
[biometric2017.org/timetable/event/the-impact-of-cohort-substance-use-upon-likelih/index.html]
[biometric2017.org/timetable/event/the-lasso-on-latent-indices-for-ordinal-predictors-in-regression/index.html]
[biometric2017.org/wp-json/oembed/1.0/embed4926.json]
[biometric2017.org/timetable/event/whole‑genome-qtl-analysis-for-nested-association-mapping-populations/index.html]
[biometric2017.org/wp-json/oembed/1.0/embedf682]
[biometric2017.org/travel/index.html]
[biometric2017.org/timetable/event/an-asymmetric-measure-of-population-differentiation-based-on-the-saddlepoint-approximation-method/index.html]
[biometric2017.org/timetable/event/fast-and-approximate-exhaustive-variable-selection-for-glms-with-apes/index.html]
[biometric2017.org/timetable/event/order-selection-of-factor-analytic-models-for-genotype-x-environment-interaction/index.html]
[biometric2017.org/wp-json/oembed/1.0/embed2e7e.json]
[biometric2017.org/timetable/event/multiple-sample-hypothesis-testing-of-the-human-microbiome-through-evolutionary-trees/index.html]
[biometric2017.org/wp-json/oembed/1.0/embed7a04]
[biometric2017.org/timetable/event/statistical-strategies-for-the-analysis-of-large-and-complex-data/index.html]
[biometric2017.org/wp-content/uploads/2017/06/Mantra-on-Salt-Beach-RGB-Logo-JPEG.jpg]
[biometric2017.org/timetable/event/optimal-experimental-design-for-functional-response-experiments/index.html]
[biometric2017.org/wp-content/uploads/2017/02/International-Biometric-Society-Booking-Form-5.09.2016.pdf]
[biometric2017.org/accommodation/index.html]
[biometric2017.org/timetable/event/to-pca-or-not-to-pca/index.html]
[biometric2017.org/timetable/event/an-evaluation-of-error-variance-bias-in-spatial-designs/index.html]
[biometric2017.org/timetable/event/new-model-based-ordination-data-exploration-tools-for-microbiome-studies/index.html]
[biometric2017.org/wp-json/oembed/1.0/embed47a3.json]
[biometric2017.org/timetable/event/always-randomize/index.html]
[biometric2017.org/wp-json/oembed/1.0/embed7b69]
[biometric2017.org/awards/index.html]
[biometric2017.org/timetable/event/comparing-classical-criteria-for-selecting-intra-class-correlated-features-for-three-mode-three-way-data/index.html]
[biometric2017.org/timetable/event/exploring-the-social-relationships-of-dairy-goats/index.html]
[biometric2017.org/timetable/event/bayesian-semi-parametric-spectral-density-estimation-with-applications-to-the-southern-oscillation-index/index.html]
[biometric2017.org/wp-json/oembed/1.0/embed5765.json]
[biometric2017.org/timetable/event/efficient-multivariate-sensitivity-analysis-of-agricultural-simulators/index.html]
[biometric2017.org/wp-json/oembed/1.0/embed3806]
[biometric2017.org/organisers/index.html]
[biometric2017.org/timetable/event/bayesian-hypothesis-tests-with-diffuse-priors-can-we-have-our-cake-and-eat-it-too/index.html]
[biometric2017.org/timetable/event/invited-session-6/index.html]
[biometric2017.org/timetable/event/hockey-sticks-and-broken-sticks-a-design-for-a-single-arm-placebo-controlled-double-blind-randomized-clinical-trial-suitable-for-chronic-diseases/index.html]
[biometric2017.org/wp-json/oembed/1.0/embedca09.json]
[biometric2017.org/timetable/event/correlated-bivariate-normal-competing-risks-structuring-estimation-in-an-ill-posed-problem/index.html]
[biometric2017.org/wp-json/oembed/1.0/embed5157]
[biometric2017.org/timetable/event/bayesian-regression-with-functional-inequality-constraints/index.html]
[biometric2017.org/wp-content/uploads/2017/02/GRDCLogoHorizontal_RGB.jpg]
[biometric2017.org/wp-content/uploads/2017/06/logo-with-text-150.png]
[biometric2017.org/timetable/event/genetic-analysis-of-renal-function-in-an-isolated-australian-indigenous-community/index.html]
[biometric2017.org/timetable/event/the-performance-of-model-averaged-tail-area-confidence-intervals/index.html]
[biometric2017.org/timetable/event/deconstructing-the-innate-immune-component-of-a-molecular-network-of-the-aging-frontal-cortex/index.html]
[biometric2017.org/timetable/event/bias-correction-in-estimating-proportions-by-pooled-testing/index.html]
[biometric2017.org/timetable/event/the-parametric-cure-fraction-model-of-ovarian-cancer/index.html]
[biometric2017.org/wp-content/uploads/2017/08/USYD-logo.jpg]
[biometric2017.org/timetable/event/the-skillings-mack-statistic-for-ranks-data-in-blocks/index.html]
[biometric2017.org/timetable/event/conference-close/index.html]
[biometric2017.org/wp-content/uploads/2017/06/Qld-CoA-Stylised-2LS-mono.jpg]
[biometric2017.org/wp-content/uploads/2017/08/AgR_sc.png]
[biometric2017.org/sponsors/index.html]
[biometric2017.org/wp-content/themes/primer/assets/images/search-icon.html]
[biometric2017.org/index905b.html]
[biometric2017.org/index9c2b.html]
[biometric2017.org/index08c1.html]
[biometric2017.org/wp-json/oembed/1.0/embed08e4.json]
[biometric2017.org/wp-json/oembed/1.0/embedbbea]
[biometric2017.org/timetable/event/housekeeping/index.html]
[biometric2017.org/wp-content/uploads/2017/11/box2.jpg]
[biometric2017.org/timetable/event/conference-welcome/index.html]
[biometric2017.org/author/admin/index.html]
[biometric2017.org/wp-json/oembed/1.0/embed3fcd.json]
[biometric2017.org/timetable/event/morning-tea/index.html]
[biometric2017.org/wp-json/oembed/1.0/embed8129]
[biometric2017.org/timetable/event/agriculture-and-agri-environmental-statistics-with-support-of-geospatial-information-methodological-issues/index.html]
[biometric2017.org/wp-json/oembed/1.0/embed532d.json]
[biometric2017.org/wp-json/oembed/1.0/embeda319]
[biometric2017.org/timetable/event/developing-a-regulatory-definition-for-the-authentication-of-manuka-honey/index.html]
[biometric2017.org/wp-json/oembed/1.0/embeddc23.json]
[biometric2017.org/wp-json/oembed/1.0/embed2176]
[biometric2017.org/timetable/event/on-testing-random-effects-in-linear-mixed-models/index.html]
[biometric2017.org/wp-json/oembed/1.0/embedaf27.json]
[biometric2017.org/wp-json/oembed/1.0/embede611]
[biometric2017.org/timetable/event/analysing-digestion-data/index.html]
[biometric2017.org/wp-json/oembed/1.0/embed94b6.json]
[biometric2017.org/wp-json/oembed/1.0/embed24f8]
[biometric2017.org/timetable/event/a-permutation-test-for-comparing-predictive-values-in-clinical-trials/index.html]
[biometric2017.org/wp-json/oembed/1.0/embed95f2.json]
[biometric2017.org/wp-json/oembed/1.0/embedb2db]
[biometric2017.org/timetable/event/challenges-and-opportunities-working-as-a-consulting-statistician-with-a-food-science-research-group/index.html]
[biometric2017.org/wp-json/oembed/1.0/embed8aef.json]
[biometric2017.org/wp-json/oembed/1.0/embed0048]
[biometric2017.org/timetable/event/robust-semiparametric-inference-in-random-effects-models/index.html]
[biometric2017.org/wp-json/oembed/1.0/embeda803.json]
[biometric2017.org/timetable/event/mixed-models-for-complex-survey-data/index.html]
[biometric2017.org/wp-json/oembed/1.0/embed01df]
[biometric2017.org/timetable/event/robust-penalized-logistic-regression-through-maximum-trimmed-likelihood-estimator/index.html]
[biometric2017.org/wp-json/oembed/1.0/embed39de.json]
[biometric2017.org/timetable/event/lunch/index.html]
[biometric2017.org/wp-json/oembed/1.0/embed8495]
[biometric2017.org/timetable/event/topic-tba/index.html]
[biometric2017.org/wp-json/oembed/1.0/embedad7e.json]
[biometric2017.org/timetable/event/the-significance-of-a-cup-of-tea-or-a-pint-of-guinness/index.html]
[biometric2017.org/wp-json/oembed/1.0/embed363f]
[biometric2017.org/timetable/event/how-to-analyse-five-data-points-with-fun/index.html]
[biometric2017.org/wp-json/oembed/1.0/embed65f7.json]
[biometric2017.org/timetable/event/exploring-co-localisation-of-genomic-features-using-spatial-cross-correlation/index.html]
[biometric2017.org/wp-json/oembed/1.0/embed2b11]
[biometric2017.org/timetable/event/an-approach-to-poisson-mixed-models-for-omics-expression-data/index.html]
[biometric2017.org/wp-json/oembed/1.0/embed974b.json]
[biometric2017.org/wp-json/oembed/1.0/embedb45e]
[biometric2017.org/timetable/event/bayesian-spatial-estimation-when-areas-are-few/index.html]
[biometric2017.org/wp-json/oembed/1.0/embed3179.json]
[biometric2017.org/timetable/event/afternoon-tea/index.html]
[biometric2017.org/wp-json/oembed/1.0/embed58a6]
[biometric2017.org/timetable/event/knowledge-guided-generalized-biclustering-analysis-for-integrative-omics-analysis/index.html]
[biometric2017.org/wp-json/oembed/1.0/embeda7dc.json]
[biometric2017.org/timetable/event/lightning-presentations-followed-by-poster-session/index.html]
[biometric2017.org/wp-json/oembed/1.0/embed342b]
[biometric2017.org/timetable/event/understanding-the-variation-in-harvester-yield-map-data-for-estimating-crop-traits/index.html]
[biometric2017.org/wp-json/oembed/1.0/embedc50a.json]
[biometric2017.org/wp-json/oembed/1.0/embedceb5]
[biometric2017.org/timetable/event/citizen-science-to-surveillance-estimating-reporting-probabilities-of-exotic-insect-pests/index.html]
[biometric2017.org/wp-json/oembed/1.0/embed773c.json]
[biometric2017.org/wp-json/oembed/1.0/embed0783]
[biometric2017.org/timetable/event/introduction-to-deltagen-a-comprehensive-decision-support-tool-for-plant-breeders-using-r-and-shiny/index.html]
[biometric2017.org/timetable/event/analysis-of-smart-monitoring-data-of-gold3-kiwifruit/index.html]
[biometric2017.org/wp-json/oembed/1.0/embeda093.json]
[biometric2017.org/wp-json/oembed/1.0/embed9581]
[biometric2017.org/timetable/event/estimating-nitrous-oxide-emission-factors/index.html]
[biometric2017.org/wp-json/oembed/1.0/embedb2b7.json]
[biometric2017.org/wp-json/oembed/1.0/embed736c]
[biometric2017.org/timetable/event/invited-session-3/index.html]
[biometric2017.org/wp-json/oembed/1.0/embed560b.json]
[biometric2017.org/wp-json/oembed/1.0/embedcb5d]
[biometric2017.org/timetable/event/propensity-score-approaches-in-the-presence-of-missing-data-comparison-of-balance-and-treatment-effect-estimates/index.html]
[biometric2017.org/wp-json/oembed/1.0/embeda53f.json]
[biometric2017.org/wp-json/oembed/1.0/embeda073]
[biometric2017.org/timetable/event/visualising-model-selection-stability-in-high-dimensional-regression-models/index.html]
[biometric2017.org/wp-json/oembed/1.0/embed4a2f.json]
[biometric2017.org/wp-json/oembed/1.0/embed6009]
[biometric2017.org/timetable/event/the-missing-link-an-equivalence-result-for-likelihood-based-methods-in-missing-data-problems/index.html]
[biometric2017.org/wp-json/oembed/1.0/embedab03.json]
[biometric2017.org/wp-json/oembed/1.0/embed3b99]
[biometric2017.org/timetable/event/dimensionality-reduction-of-libs-data-for-bayesian-analysis/index.html]
[biometric2017.org/wp-json/oembed/1.0/embedcb54.json]
[biometric2017.org/wp-json/oembed/1.0/embed4586]
[biometric2017.org/timetable/event/analysis-of-melanoma-data-with-a-mixture-of-survival-models-utilising-multi-class-dlda-to-inform-mixture-class/index.html]
[biometric2017.org/wp-json/oembed/1.0/embed78b0.json]
[biometric2017.org/wp-json/oembed/1.0/embedd060]
[biometric2017.org/timetable/event/forecasting-hotspots-of-potentially-preventable/index.html]
[biometric2017.org/wp-json/oembed/1.0/embed58de.json]
[biometric2017.org/wp-json/oembed/1.0/embed784b]
[biometric2017.org/timetable/event/identifying-clusters-of-patients-with-diabetes-using-a-markov-birth-death-process/index.html]
[biometric2017.org/wp-json/oembed/1.0/embed31a2.json]
[biometric2017.org/wp-json/oembed/1.0/embedcd4e]
[biometric2017.org/timetable/event/challenges-analysing-combined-agricultural-field-trials-with-partially-overlapping-treatments/index.html]
[biometric2017.org/wp-json/oembed/1.0/embed5f77.json]
[biometric2017.org/wp-json/oembed/1.0/embedf59c]
[biometric2017.org/timetable/event/a-hidden-markov-model-for-sleep-stage-detection-using-raw-tri-axial-wrist-actigraphy/index.html]
[biometric2017.org/wp-json/oembed/1.0/embed88d7.json]
[biometric2017.org/wp-json/oembed/1.0/embed962a]
[biometric2017.org/timetable/event/sparse-phenotyping-designs-for-early-stage-selection-experiments-in-plant-breeding-programs/index.html]
[biometric2017.org/wp-json/oembed/1.0/embedd163.json]
[biometric2017.org/wp-json/oembed/1.0/embedb78a]
[biometric2017.org/timetable/event/comparisons-of-two-large-long-term-studies-in-alzheimers-disease/index.html]
[biometric2017.org/wp-json/oembed/1.0/embedbffc.json]
[biometric2017.org/wp-json/oembed/1.0/embed07a7]
[biometric2017.org/timetable/event/a-one-stage-mixed-model-analysis-of-canola-chemistry-trials/index.html]
[biometric2017.org/wp-json/oembed/1.0/embed0a2b.json]
[biometric2017.org/wp-json/oembed/1.0/embedcc5a]
[biometric2017.org/timetable/event/a-semi-parametric-linear-mixed-models-for-longitudinally-measured-fasting-blood-sugar-level-of-adult-diabetic-patients/index.html]
[biometric2017.org/wp-json/oembed/1.0/embed95d3.json]
[biometric2017.org/wp-json/oembed/1.0/embede69e]
[biometric2017.org/timetable/event/individual-and-joint-analyses-of-sugarcane-experiments-to-select-test-lines/index.html]
[biometric2017.org/wp-json/oembed/1.0/embedbeb1.json]
[biometric2017.org/wp-json/oembed/1.0/embedb8fa]
[biometric2017.org/timetable/event/invited-session-4/index.html]
[biometric2017.org/wp-json/oembed/1.0/embed8ed1.json]
[biometric2017.org/wp-json/oembed/1.0/embedb71f]
[biometric2017.org/timetable/event/estimating-overdispersion-in-sparse-multinomial-data/index.html]
[biometric2017.org/wp-json/oembed/1.0/embed4294.json]
[biometric2017.org/wp-json/oembed/1.0/embed4285]
[biometric2017.org/timetable/event/assessing-mud-crab-meat-fullness-using-non-invasive-technologies/index.html]
[biometric2017.org/wp-json/oembed/1.0/embed0f0a.json]
[biometric2017.org/timetable/event/comparison-of-separable-and-non-separable-models-in-analysis-of-macadamia-four-way-multi-harvest-multi-environment-variety-selection-data/index.html]
[biometric2017.org/wp-json/oembed/1.0/embedf4c4]
[biometric2017.org/timetable/event/analysis-of-multivariate-binary-longitudinal-data-metabolic-syndrome-during-menopausal-transition/index.html]
[biometric2017.org/wp-json/oembed/1.0/embed080e.json]
[biometric2017.org/wp-json/oembed/1.0/embedfff7]
[biometric2017.org/timetable/event/statistical-analysis-of-coastal-and-oceanographic-influences-on-the-queensland-scallop-fishery/index.html]
[biometric2017.org/wp-json/oembed/1.0/embedcbae.json]
[biometric2017.org/wp-json/oembed/1.0/embed9d46]
[biometric2017.org/timetable/event/saved-by-the-experimental-design-testing-bycatch-reduction-and-turtle-exclusion-devices-in-the-png-prawn-trawl-fishery/index.html]
[biometric2017.org/wp-json/oembed/1.0/embed3c1a.json]
[biometric2017.org/wp-json/oembed/1.0/embed1b7f]
[biometric2017.org/timetable/event/rethinking-biosecurity-inspections-a-case-study-of-the-asian-gypsy-moth-agm-in-australia/index.html]
[biometric2017.org/wp-json/oembed/1.0/embed65c8.json]
[biometric2017.org/wp-json/oembed/1.0/embede8d9]
[biometric2017.org/timetable/event/subtractive-stability-measures-for-improved-variable-selection/index.html]
[biometric2017.org/wp-json/oembed/1.0/embed0e5f.json]
[biometric2017.org/wp-json/oembed/1.0/embed7758]
[biometric2017.org/timetable/event/gxe-for-genomic-prediction-models/index.html]
[biometric2017.org/wp-json/oembed/1.0/embed14fd.json]
[biometric2017.org/wp-json/oembed/1.0/embed8523]
[biometric2017.org/timetable/event/a-comparison-of-multiple-imputation-methods-for-missing-data-in-longitudinal-studies/index.html]
[biometric2017.org/wp-json/oembed/1.0/embed8255.json]
[biometric2017.org/wp-json/oembed/1.0/embedd1db]
[biometric2017.org/timetable/event/species-distribution-modelling-for-combined-data-sources/index.html]
[biometric2017.org/wp-json/oembed/1.0/embed89da.json]
[biometric2017.org/wp-json/oembed/1.0/embed2e05]
[biometric2017.org/timetable/event/a-factor-analytic-mixed-model-approach-for-the-analysis-of-genotype-by-treatment-by-environment-data/index.html]
[biometric2017.org/wp-json/oembed/1.0/embed853f.json]
[biometric2017.org/timetable/event/a-comparison-of-likelihood-and-bayesian-based-methods-for-fitting-random-effect-models/index.html]
[biometric2017.org/wp-json/oembed/1.0/embeda4ef]
[biometric2017.org/timetable/event/the-impact-of-cohort-substance-use-upon-likelih/index.html]
[biometric2017.org/wp-json/oembed/1.0/embed83ee.json]
[biometric2017.org/wp-json/oembed/1.0/embed7e65]
[biometric2017.org/timetable/event/the-lasso-on-latent-indices-for-ordinal-predictors-in-regression/index.html]
[biometric2017.org/timetable/event/whole‑genome-qtl-analysis-for-nested-association-mapping-populations/index.html]
[biometric2017.org/wp-json/oembed/1.0/embed3012.json]
[biometric2017.org/wp-json/oembed/1.0/embed734b]
[biometric2017.org/timetable/event/an-asymmetric-measure-of-population-differentiation-based-on-the-saddlepoint-approximation-method/index.html]
[biometric2017.org/wp-json/oembed/1.0/embed494f.json]
[biometric2017.org/wp-json/oembed/1.0/embed254f]
[biometric2017.org/timetable/event/fast-and-approximate-exhaustive-variable-selection-for-glms-with-apes/index.html]
[biometric2017.org/wp-json/oembed/1.0/embedb12b.json]
[biometric2017.org/wp-json/oembed/1.0/embede681]
[biometric2017.org/timetable/event/order-selection-of-factor-analytic-models-for-genotype-x-environment-interaction/index.html]
[biometric2017.org/wp-json/oembed/1.0/embed375a.json]
[biometric2017.org/timetable/event/conference-dinner/index.html]
[biometric2017.org/wp-json/oembed/1.0/embed01db]
[biometric2017.org/timetable/event/multiple-sample-hypothesis-testing-of-the-human-microbiome-through-evolutionary-trees/index.html]
[biometric2017.org/wp-json/oembed/1.0/embeda2a4.json]
[biometric2017.org/wp-json/oembed/1.0/embed463c]
[biometric2017.org/timetable/event/statistical-strategies-for-the-analysis-of-large-and-complex-data/index.html]
[biometric2017.org/wp-json/oembed/1.0/embed9366.json]
[biometric2017.org/wp-json/oembed/1.0/embedfcbe]
[biometric2017.org/timetable/event/optimal-experimental-design-for-functional-response-experiments/index.html]
[biometric2017.org/wp-json/oembed/1.0/embed6509.json]
[biometric2017.org/wp-json/oembed/1.0/embed99fe]
[biometric2017.org/timetable/event/to-pca-or-not-to-pca/index.html]
[biometric2017.org/wp-json/oembed/1.0/embed8fce.json]
[biometric2017.org/wp-json/oembed/1.0/embedbab9]
[biometric2017.org/timetable/event/an-evaluation-of-error-variance-bias-in-spatial-designs/index.html]
[biometric2017.org/wp-json/oembed/1.0/embed9856.json]
[biometric2017.org/wp-json/oembed/1.0/embed0b09]
[biometric2017.org/timetable/event/new-model-based-ordination-data-exploration-tools-for-microbiome-studies/index.html]
[biometric2017.org/wp-json/oembed/1.0/embedcf17.json]
[biometric2017.org/wp-json/oembed/1.0/embede932]
[biometric2017.org/timetable/event/always-randomize/index.html]
[biometric2017.org/wp-json/oembed/1.0/embed07da.json]
[biometric2017.org/wp-json/oembed/1.0/embed518e]
[biometric2017.org/timetable/event/comparing-classical-criteria-for-selecting-intra-class-correlated-features-for-three-mode-three-way-data/index.html]
[biometric2017.org/wp-json/oembed/1.0/embed0441.json]
[biometric2017.org/wp-json/oembed/1.0/embed95fa]
[biometric2017.org/timetable/event/exploring-the-social-relationships-of-dairy-goats/index.html]
[biometric2017.org/wp-json/oembed/1.0/embeddc93.json]
[biometric2017.org/wp-json/oembed/1.0/embedcd3f]
[biometric2017.org/timetable/event/bayesian-semi-parametric-spectral-density-estimation-with-applications-to-the-southern-oscillation-index/index.html]
[biometric2017.org/wp-json/oembed/1.0/embed24e8.json]
[biometric2017.org/wp-json/oembed/1.0/embedd001]
[biometric2017.org/timetable/event/efficient-multivariate-sensitivity-analysis-of-agricultural-simulators/index.html]
[biometric2017.org/wp-json/oembed/1.0/embed8fb7.json]
[biometric2017.org/wp-json/oembed/1.0/embed3a9e]
[biometric2017.org/timetable/event/bayesian-hypothesis-tests-with-diffuse-priors-can-we-have-our-cake-and-eat-it-too/index.html]
[biometric2017.org/wp-json/oembed/1.0/embed57b9.json]
[biometric2017.org/wp-json/oembed/1.0/embed20d8]
[biometric2017.org/timetable/event/invited-session-6/index.html]
[biometric2017.org/wp-json/oembed/1.0/embed1d08.json]
[biometric2017.org/wp-json/oembed/1.0/embedffed]
[biometric2017.org/timetable/event/hockey-sticks-and-broken-sticks-a-design-for-a-single-arm-placebo-controlled-double-blind-randomized-clinical-trial-suitable-for-chronic-diseases/index.html]
[biometric2017.org/wp-json/oembed/1.0/embedfdc2.json]
[biometric2017.org/timetable/event/bounding-iv-estimates-using-mediation-analysis-thinking/index.html]
[biometric2017.org/wp-json/oembed/1.0/embed5a8e]
[biometric2017.org/timetable/event/correlated-bivariate-normal-competing-risks-structuring-estimation-in-an-ill-posed-problem/index.html]
[biometric2017.org/wp-json/oembed/1.0/embeda455.json]
[biometric2017.org/wp-json/oembed/1.0/embed6a24]
[biometric2017.org/timetable/event/bayesian-regression-with-functional-inequality-constraints/index.html]
[biometric2017.org/wp-json/oembed/1.0/embed9740.json]
[biometric2017.org/wp-json/oembed/1.0/embed15c4]
[biometric2017.org/timetable/event/genetic-analysis-of-renal-function-in-an-isolated-australian-indigenous-community/index.html]
[biometric2017.org/wp-json/oembed/1.0/embedfb08.json]
[biometric2017.org/wp-json/oembed/1.0/embed3acd]
[biometric2017.org/timetable/event/the-performance-of-model-averaged-tail-area-confidence-intervals/index.html]
[biometric2017.org/wp-json/oembed/1.0/embed1939.json]
[biometric2017.org/wp-json/oembed/1.0/embed93a3]
[biometric2017.org/timetable/event/deconstructing-the-innate-immune-component-of-a-molecular-network-of-the-aging-frontal-cortex/index.html]
[biometric2017.org/wp-json/oembed/1.0/embed3ec3.json]
[biometric2017.org/wp-json/oembed/1.0/embedab06]
[biometric2017.org/timetable/event/bias-correction-in-estimating-proportions-by-pooled-testing/index.html]
[biometric2017.org/wp-json/oembed/1.0/embed83c4.json]
[biometric2017.org/wp-json/oembed/1.0/embed15fc]
[biometric2017.org/timetable/event/the-parametric-cure-fraction-model-of-ovarian-cancer/index.html]
[biometric2017.org/wp-json/oembed/1.0/embed1c0a.json]
[biometric2017.org/wp-json/oembed/1.0/embedf6fb]
[biometric2017.org/timetable/event/the-skillings-mack-statistic-for-ranks-data-in-blocks/index.html]
[biometric2017.org/wp-json/oembed/1.0/embed11f2.json]
[biometric2017.org/wp-json/oembed/1.0/embedc8f1]
[biometric2017.org/timetable/event/conference-close/index.html]
[biometric2017.org/indexc9c1.html]
[biometric2017.org/index5831.html]
[biometric2017.org/index371d.html]
[biometric2017.org/index221f.html]
[biometric2017.org/indexf604.html]
[biometric2017.org/indexd06c.html]
[biometric2017.org/wp-content/uploads/2017/06/logo.png]
[biometric2017.org/wp-json/oembed/1.0/embedfe0c.json]
[biometric2017.org/wp-json/oembed/1.0/embedfdbe]
[biometric2017.org/timetable/event/housekeeping/index.html]
[biometric2017.org/indexa2f3.html]
[biometric2017.org/author/admin/index.html]
[biometric2017.org/author/admin/page/2/index.html]
[biometric2017.org/author/admin/feed/index.html]
[biometric2017.org/author/admin/page/9/index.html]
[biometric2017.org/wp-json/oembed/1.0/embed9fb9.json]
[biometric2017.org/wp-json/oembed/1.0/embed87b7]
[biometric2017.org/timetable/event/morning-tea/index.html]
[biometric2017.org/indexa102.html]
[biometric2017.org/index5192.html]
[biometric2017.org/indexf66f.html]
[biometric2017.org/indexb916.html]
[biometric2017.org/indexaa07.html]
[biometric2017.org/index5dce.html]
[biometric2017.org/index76da.html]
[biometric2017.org/wp-json/oembed/1.0/embed247d.json]
[biometric2017.org/wp-json/oembed/1.0/embed6206]
[biometric2017.org/timetable/event/mixed-models-for-complex-survey-data/index.html]
[biometric2017.org/index64ca.html]
[biometric2017.org/wp-json/oembed/1.0/embed7230.json]
[biometric2017.org/wp-json/oembed/1.0/embed814e]
[biometric2017.org/timetable/event/lunch/index.html]
[biometric2017.org/index6289.html]
[biometric2017.org/wp-json/oembed/1.0/embed3044.json]
[biometric2017.org/wp-json/oembed/1.0/embed35f9]
[biometric2017.org/timetable/event/the-significance-of-a-cup-of-tea-or-a-pint-of-guinness/index.html]
[biometric2017.org/indexb63e.html]
[biometric2017.org/wp-json/oembed/1.0/embed918c.json]
[biometric2017.org/wp-json/oembed/1.0/embed041e]
[biometric2017.org/timetable/event/exploring-co-localisation-of-genomic-features-using-spatial-cross-correlation/index.html]
[biometric2017.org/index21b7.html]
[biometric2017.org/indexd1fc.html]
[biometric2017.org/wp-json/oembed/1.0/embed86c9.json]
[biometric2017.org/wp-json/oembed/1.0/embedb921]
[biometric2017.org/timetable/event/afternoon-tea/index.html]
[biometric2017.org/index4aec.html]
[biometric2017.org/wp-json/oembed/1.0/embed9729.json]
[biometric2017.org/wp-json/oembed/1.0/embedce3f]
[biometric2017.org/timetable/event/lightning-presentations-followed-by-poster-session/index.html]
[biometric2017.org/index4ab5.html]
[biometric2017.org/index22b3.html]
[biometric2017.org/wp-json/oembed/1.0/embeda048.json]
[biometric2017.org/wp-json/oembed/1.0/embedf5ea]
[biometric2017.org/timetable/event/analysis-of-smart-monitoring-data-of-gold3-kiwifruit/index.html]
[biometric2017.org/indexd2e2.html]
[biometric2017.org/index6996.html]
[biometric2017.org/index89d2.html]
[biometric2017.org/indexa49c.html]
[biometric2017.org/indexa013.html]
[biometric2017.org/indexcb2d.html]
[biometric2017.org/indexe98c.html]
[biometric2017.org/index9628.html]
[biometric2017.org/index028e.html]
[biometric2017.org/index60e8.html]
[biometric2017.org/index20df.html]
[biometric2017.org/index0d13.html]
[biometric2017.org/indexf53a.html]
[biometric2017.org/indexef2e.html]
[biometric2017.org/index7efb.html]
[biometric2017.org/index2ec5.html]
[biometric2017.org/index4e02.html]
[biometric2017.org/indexccf0.html]
[biometric2017.org/index6d2c.html]
[biometric2017.org/index3239.html]
[biometric2017.org/wp-json/oembed/1.0/embedfd75.json]
[biometric2017.org/wp-json/oembed/1.0/embede272]
[biometric2017.org/timetable/event/comparison-of-separable-and-non-separable-models-in-analysis-of-macadamia-four-way-multi-harvest-multi-environment-variety-selection-data/index.html]
[biometric2017.org/indexee96.html]
[biometric2017.org/indexaaf8.html]
[biometric2017.org/indexa3d8.html]
[biometric2017.org/index6a26.html]
[biometric2017.org/indexc6a5.html]
[biometric2017.org/index975e.html]
[biometric2017.org/index336f.html]
[biometric2017.org/indexe4dc.html]
[biometric2017.org/index89f6.html]
[biometric2017.org/wp-json/oembed/1.0/embed0fe4.json]
[biometric2017.org/wp-json/oembed/1.0/embed340d]
[biometric2017.org/timetable/event/a-comparison-of-likelihood-and-bayesian-based-methods-for-fitting-random-effect-models/index.html]
[biometric2017.org/index3116.html]
[biometric2017.org/indexf9af.html]
[biometric2017.org/indexf573.html]
[biometric2017.org/index6fdb.html]
[biometric2017.org/indexe9c6.html]
[biometric2017.org/wp-json/oembed/1.0/embedeae5.json]
[biometric2017.org/wp-json/oembed/1.0/embedd5ee]
[biometric2017.org/timetable/event/conference-dinner/index.html]
[biometric2017.org/indexfe6b.html]
[biometric2017.org/index7a13.html]
[biometric2017.org/index03aa.html]
[biometric2017.org/indexce54.html]
[biometric2017.org/index0c04.html]
[biometric2017.org/index7cb7.html]
[biometric2017.org/indexec9a.html]
[biometric2017.org/indexc308.html]
[biometric2017.org/index4ac2.html]
[biometric2017.org/indexdabb.html]
[biometric2017.org/index2487.html]
[biometric2017.org/indexab1b.html]
[biometric2017.org/index461a.html]
[biometric2017.org/indexc3f0.html]
[biometric2017.org/wp-json/oembed/1.0/embeda001.json]
[biometric2017.org/wp-json/oembed/1.0/embed5e76]
[biometric2017.org/timetable/event/bounding-iv-estimates-using-mediation-analysis-thinking/index.html]
[biometric2017.org/index763e.html]
[biometric2017.org/index9117.html]
[biometric2017.org/index049d.html]
[biometric2017.org/indexd399.html]
[biometric2017.org/index08e2.html]
[biometric2017.org/index5d95.html]
[biometric2017.org/index2bd3.html]
[biometric2017.org/index2cbe.html]
[biometric2017.org/index2d45.html]
[biometric2017.org/indexe0d2.html]
[biometric2017.org/index8af0.html]
[biometric2017.org/indexbbc7.html]
[biometric2017.org/index1c40.html]
[biometric2017.org/author/admin/page/2/index.html]
[biometric2017.org/author/admin/page/3/index.html]
[biometric2017.org/wp-content/uploads/2017/02/gallery-6-1600x900.jpg]
[biometric2017.org/monday/index.html]
[biometric2017.org/wp-content/plugins/beaver-builder-lite-version/js/jquery.js]
[biometric2017.org/wp-content/plugins/beaver-builder-lite-version/js/jquery.migrate.min.js]
[biometric2017.org/wp-content/uploads/bb-plugin/cache/1-layout2f54.js]
[biometric2017.org/author/admin/page/9/index.html]
[biometric2017.org/index6215.html]
[biometric2017.org/index7d87.html]
[biometric2017.org/indexa8d4.html]
[biometric2017.org/indexf9b5.html]
[biometric2017.org/indexc61a.html]
[biometric2017.org/indexe83f.html]
[biometric2017.org/index3f90.html]
[biometric2017.org/indexf9ae.html]
[biometric2017.org/indexf689.html]
[biometric2017.org/indexb648.html]
[biometric2017.org/index905a.html]
[biometric2017.org/index6374.html]
[biometric2017.org/author/admin/page/3/index.html]
[biometric2017.org/author/admin/page/8/index.html]
[biometric2017.org/wp-content/uploads/bb-plugin/cache/1-layout2f54.css]
[biometric2017.org/author/admin/page/4/index.html]
[biometric2017.org/wp-json/oembed/1.0/embed0435.json]
[biometric2017.org/monday/feed/index.html]
[biometric2017.org/wp-json/oembed/1.0/embeddcfb]
[biometric2017.org/monday/index.html]
[biometric2017.org/wp-content/uploads/2017/02/gallery-6-1600x900.html]
[biometric2017.org/author/admin/page/8/index.html]
[biometric2017.org/author/admin/page/4/index.html]
[biometric2017.org/indexcff1.html]
[biometric2017.org/monday/index6809.html]
[biometric2017.org/monday/index6809.html]
[biometric2017.org/author/admin/page/7/index.html]
[biometric2017.org/author/admin/page/7/index.html]
[biometric2017.org/author/admin/page/5/index.html]
[biometric2017.org/author/admin/page/5/index.html]
[biometric2017.org/author/admin/page/6/index.html]
[biometric2017.org/author/admin/page/6/index.html]
